### [bench_pt_2luong] bắt đầu 2026-09-13T13:43:06+07:00 ở 57°C (đã chờ nguội 5s)
==============================================================================
MÔI TRƯỜNG ĐO
==============================================================================
  Máy          : aarch64
  Số lõi logic : 4
  Hệ điều hành : Linux 6.18.34+rpt-rpi-2712 (build #1 SMP PREEMPT Debian 1:6.18.34-1+rpt1 (2026-06-09))
  Python       : 3.13.5
  onnxruntime  : 1.30.0  providers=['AzureExecutionProvider', 'CPUExecutionProvider']
  numpy/opencv : 2.5.2 / 5.0.0
  torch        : 2.14.0+cpu (chỉ dùng cho nhánh ultralytics + tiền xử lý)
  ML_INTRAOP_THREADS = 2  (số luồng mỗi model được phép dùng)
  Warm-up 3 lượt (bỏ), đo 10 lượt, báo cáo TRUNG VỊ

==============================================================================
1. TỪNG MODEL ONNX CHẠY RIÊNG (đầu vào ngẫu nhiên đúng shape)
==============================================================================
  Model                            Đầu vào                MB  Trung vị     min     max
  Phát hiện biển (YOLOv8n)         [1, 3, 640, 640]     12.2   194.79ms 193.61 215.34
  OCR biển số (CRNN)               [1, 1, 48, 128]       1.7     3.39ms   3.37   3.44
  Loại xe (ResNet18)               [1, 3, 224, 224]     44.7    68.96ms  68.89  69.63
  Loại xe (MobileNetV3-Small)      [1, 3, 224, 224]      6.1     7.52ms   7.49   7.55
  Kiểu dáng xe (ResNet18)          [1, 3, 224, 224]     44.7    69.25ms  68.98  73.58

==============================================================================
2. TỪNG BƯỚC TRONG PIPELINE THẬT
==============================================================================
  Ảnh: 1_bomaich_detect.png  (1200x600 px)
  Số biển phát hiện được trên ảnh này: 12

  Bước                                Trung vị      min      max   Tỉ lệ
  Chuyển màu BGR sang RGB                 1.5ms     1.5     1.8   0.3%
  Phát hiện biển số (ONNX)              200.6ms   200.0   205.0  33.9%
  Màu biển + OCR (12 biển)              103.2ms   102.9   110.2  17.4%
  Định vị + cắt vùng xe (YOLO)          137.0ms   136.3   141.1  23.2%
  Tiền xử lý ảnh cho classifier           6.5ms     6.5     6.7   1.1%
  Phân loại loại xe (ONNX)               69.9ms    69.7    70.9  11.8%
  Phân loại kiểu dáng (ONNX)             72.7ms    72.4    76.3  12.3%
  TỔNG (cộng trung vị các bước)         591.4ms

==============================================================================
3. TOÀN PIPELINE (đúng cách backend và edge worker gọi)
==============================================================================
  Lượt đầu tiên (gồm nạp model từ đĩa) :    670.9 ms
  Sau khi làm nóng, trung vị            :    526.8 ms   (min 522.6, max 531.7)
  CPU-time trung vị / 1 ảnh             :   1279.3 ms
  Số luồng dùng trung bình (CPU/wall)   :      2.4

  Đọc chỉ số cuối: bằng ~1 nghĩa là chạy gần như đơn luồng. Càng lớn
  hơn số lõi thật thì càng có dấu hiệu toả luồng quá mức: từng đo được
  tỉ số ~24 (CPU-time ~21 giây cho 1 ảnh trong ~0,9 giây đồng hồ),
  nguyên nhân là mỗi model tự phân luồng theo toàn bộ số lõi của máy.

### [bench_pt_2luong] xong sau 27.019972354 giây
