### [bench_onnx_4luong] bắt đầu 2026-09-13T13:46:47+07:00 ở 58°C (đã chờ nguội 35s)
==============================================================================
MÔI TRƯỜNG ĐO
==============================================================================
  Máy          : aarch64
  Số lõi logic : 4
  Hệ điều hành : Linux 6.18.34+rpt-rpi-2712 (build #1 SMP PREEMPT Debian 1:6.18.34-1+rpt1 (2026-06-09))
  Python       : 3.13.5
  onnxruntime  : 1.30.0  providers=['AzureExecutionProvider', 'CPUExecutionProvider']
  numpy/opencv : 2.5.2 / 5.0.0
  torch        : 2.14.0+cpu (chỉ dùng cho nhánh ultralytics + tiền xử lý)
  ML_INTRAOP_THREADS = 4  (số luồng mỗi model được phép dùng)
  Warm-up 3 lượt (bỏ), đo 10 lượt, báo cáo TRUNG VỊ

==============================================================================
1. TỪNG MODEL ONNX CHẠY RIÊNG (đầu vào ngẫu nhiên đúng shape)
==============================================================================
  Model                            Đầu vào                MB  Trung vị     min     max
  Phát hiện biển (YOLOv8n)         [1, 3, 640, 640]     12.2   142.95ms 141.55 149.03
  OCR biển số (CRNN)               [1, 1, 48, 128]       1.7     2.32ms   2.27   2.35
  Loại xe (ResNet18)               [1, 3, 224, 224]     44.7    45.57ms  45.43  47.35
  Loại xe (MobileNetV3-Small)      [1, 3, 224, 224]      6.1     5.82ms   5.76   5.93
  Kiểu dáng xe (ResNet18)          [1, 3, 224, 224]     44.7    44.80ms  44.57  45.06

==============================================================================
2. TỪNG BƯỚC TRONG PIPELINE THẬT
==============================================================================
  Ảnh: 1_bomaich_detect.png  (1200x600 px)
  Số biển phát hiện được trên ảnh này: 12

  Bước                                Trung vị      min      max   Tỉ lệ
  Chuyển màu BGR sang RGB                 1.7ms     1.5     1.9   0.3%
  Phát hiện biển số (ONNX)              167.5ms   165.6   174.6  29.6%
  Màu biển + OCR (12 biển)              104.4ms    96.7   112.7  18.4%
  Định vị + cắt vùng xe (YOLO)          155.3ms   150.8   200.3  27.4%
  Tiền xử lý ảnh cho classifier           6.6ms     6.6     7.4   1.2%
  Phân loại loại xe (ONNX)               49.9ms    44.7    61.1   8.8%
  Phân loại kiểu dáng (ONNX)             80.9ms    71.5    87.8  14.3%
  TỔNG (cộng trung vị các bước)         566.3ms

==============================================================================
3. TOÀN PIPELINE (đúng cách backend và edge worker gọi)
==============================================================================
  Lượt đầu tiên (gồm nạp model từ đĩa) :    617.0 ms
  Sau khi làm nóng, trung vị            :    495.6 ms   (min 481.0, max 543.2)
  CPU-time trung vị / 1 ảnh             :   1841.0 ms
  Số luồng dùng trung bình (CPU/wall)   :      3.7

  Đọc chỉ số cuối: bằng ~1 nghĩa là chạy gần như đơn luồng. Càng lớn
  hơn số lõi thật thì càng có dấu hiệu toả luồng quá mức: từng đo được
  tỉ số ~24 (CPU-time ~21 giây cho 1 ảnh trong ~0,9 giây đồng hồ),
  nguyên nhân là mỗi model tự phân luồng theo toàn bộ số lõi của máy.

### [bench_onnx_4luong] xong sau 25.586066462 giây
