### [bench_pt_4luong] bắt đầu 2026-09-13T13:43:48+07:00 ở 58°C (đã chờ nguội 15s)
==============================================================================
MÔI TRƯỜNG ĐO
==============================================================================
  Máy          : aarch64
  Số lõi logic : 4
  Hệ điều hành : Linux 6.18.34+rpt-rpi-2712 (build #1 SMP PREEMPT Debian 1:6.18.34-1+rpt1 (2026-06-09))
  Python       : 3.13.5
  onnxruntime  : 1.30.0  providers=['AzureExecutionProvider', 'CPUExecutionProvider']
  numpy/opencv : 2.5.2 / 5.0.0
  torch        : 2.14.0+cpu (chỉ dùng cho nhánh ultralytics + tiền xử lý)
  ML_INTRAOP_THREADS = 4  (số luồng mỗi model được phép dùng)
  Warm-up 3 lượt (bỏ), đo 10 lượt, báo cáo TRUNG VỊ

==============================================================================
1. TỪNG MODEL ONNX CHẠY RIÊNG (đầu vào ngẫu nhiên đúng shape)
==============================================================================
  Model                            Đầu vào                MB  Trung vị     min     max
  Phát hiện biển (YOLOv8n)         [1, 3, 640, 640]     12.2   141.00ms 140.43 143.96
  OCR biển số (CRNN)               [1, 1, 48, 128]       1.7     2.34ms   2.27   3.13
  Loại xe (ResNet18)               [1, 3, 224, 224]     44.7    44.57ms  44.36  44.68
  Loại xe (MobileNetV3-Small)      [1, 3, 224, 224]      6.1     5.74ms   5.67   5.80
  Kiểu dáng xe (ResNet18)          [1, 3, 224, 224]     44.7    48.02ms  45.82  69.98

==============================================================================
2. TỪNG BƯỚC TRONG PIPELINE THẬT
==============================================================================
  Ảnh: 1_bomaich_detect.png  (1200x600 px)
  Số biển phát hiện được trên ảnh này: 12

  Bước                                Trung vị      min      max   Tỉ lệ
  Chuyển màu BGR sang RGB                 1.6ms     1.5     1.9   0.3%
  Phát hiện biển số (ONNX)              165.9ms   162.6   176.2  29.5%
  Màu biển + OCR (12 biển)              108.6ms    95.9   115.6  19.3%
  Định vị + cắt vùng xe (YOLO)          153.2ms   150.1   196.1  27.3%
  Tiền xử lý ảnh cho classifier           6.6ms     6.5     7.6   1.2%
  Phân loại loại xe (ONNX)               46.8ms    45.6    56.0   8.3%
  Phân loại kiểu dáng (ONNX)             78.9ms    70.2   110.1  14.1%
  TỔNG (cộng trung vị các bước)         561.6ms

==============================================================================
3. TOÀN PIPELINE (đúng cách backend và edge worker gọi)
==============================================================================
  Lượt đầu tiên (gồm nạp model từ đĩa) :    600.4 ms
  Sau khi làm nóng, trung vị            :    490.4 ms   (min 484.5, max 506.1)
  CPU-time trung vị / 1 ảnh             :   1818.6 ms
  Số luồng dùng trung bình (CPU/wall)   :      3.7

  Đọc chỉ số cuối: bằng ~1 nghĩa là chạy gần như đơn luồng. Càng lớn
  hơn số lõi thật thì càng có dấu hiệu toả luồng quá mức: từng đo được
  tỉ số ~24 (CPU-time ~21 giây cho 1 ảnh trong ~0,9 giây đồng hồ),
  nguyên nhân là mỗi model tự phân luồng theo toàn bộ số lõi của máy.

### [bench_pt_4luong] xong sau 24.304319305 giây
