### [bench_onnx_1luong] bắt đầu 2026-09-13T13:44:37+07:00 ở 58°C (đã chờ nguội 25s)
==============================================================================
MÔI TRƯỜNG ĐO
==============================================================================
  Máy          : aarch64
  Số lõi logic : 4
  Hệ điều hành : Linux 6.18.34+rpt-rpi-2712 (build #1 SMP PREEMPT Debian 1:6.18.34-1+rpt1 (2026-06-09))
  Python       : 3.13.5
  onnxruntime  : 1.30.0  providers=['AzureExecutionProvider', 'CPUExecutionProvider']
  numpy/opencv : 2.5.2 / 5.0.0
  torch        : 2.14.0+cpu (chỉ dùng cho nhánh ultralytics + tiền xử lý)
  ML_INTRAOP_THREADS = 1  (số luồng mỗi model được phép dùng)
  Warm-up 3 lượt (bỏ), đo 10 lượt, báo cáo TRUNG VỊ

==============================================================================
1. TỪNG MODEL ONNX CHẠY RIÊNG (đầu vào ngẫu nhiên đúng shape)
==============================================================================
  Model                            Đầu vào                MB  Trung vị     min     max
  Phát hiện biển (YOLOv8n)         [1, 3, 640, 640]     12.2   360.71ms 360.13 362.20
  OCR biển số (CRNN)               [1, 1, 48, 128]       1.7     6.08ms   6.05   6.13
  Loại xe (ResNet18)               [1, 3, 224, 224]     44.7   129.02ms 128.76 133.64
  Loại xe (MobileNetV3-Small)      [1, 3, 224, 224]      6.1    12.42ms  12.40  13.17
  Kiểu dáng xe (ResNet18)          [1, 3, 224, 224]     44.7   128.93ms 128.85 129.88

==============================================================================
2. TỪNG BƯỚC TRONG PIPELINE THẬT
==============================================================================
  Ảnh: 1_bomaich_detect.png  (1200x600 px)
  Số biển phát hiện được trên ảnh này: 12

  Bước                                Trung vị      min      max   Tỉ lệ
  Chuyển màu BGR sang RGB                 1.6ms     1.5     2.0   0.2%
  Phát hiện biển số (ONNX)              365.1ms   364.6   367.2  39.0%
  Màu biển + OCR (12 biển)              165.8ms   164.9   167.6  17.7%
  Định vị + cắt vùng xe (YOLO)          136.0ms   133.3   154.9  14.5%
  Tiền xử lý ảnh cho classifier           6.6ms     6.5     7.6   0.7%
  Phân loại loại xe (ONNX)              129.3ms   128.9   131.0  13.8%
  Phân loại kiểu dáng (ONNX)            132.1ms   131.9   132.9  14.1%
  TỔNG (cộng trung vị các bước)         936.5ms

==============================================================================
3. TOÀN PIPELINE (đúng cách backend và edge worker gọi)
==============================================================================
  Lượt đầu tiên (gồm nạp model từ đĩa) :    970.4 ms
  Sau khi làm nóng, trung vị            :    815.8 ms   (min 813.6, max 819.9)
  CPU-time trung vị / 1 ảnh             :   1125.7 ms
  Số luồng dùng trung bình (CPU/wall)   :      1.4

  Đọc chỉ số cuối: bằng ~1 nghĩa là chạy gần như đơn luồng. Càng lớn
  hơn số lõi thật thì càng có dấu hiệu toả luồng quá mức: từng đo được
  tỉ số ~24 (CPU-time ~21 giây cho 1 ảnh trong ~0,9 giây đồng hồ),
  nguyên nhân là mỗi model tự phân luồng theo toàn bộ số lõi của máy.

### [bench_onnx_1luong] xong sau 38.125153445 giây
