==============================================================================
MÔI TRƯỜNG ĐO
==============================================================================
  Máy          : aarch64
  Số lõi logic : 4
  Hệ điều hành : Linux 6.18.34+rpt-rpi-2712 (build #1 SMP PREEMPT Debian 1:6.18.34-1+rpt1 (2026-06-09))
  Python       : 3.13.5
  onnxruntime  : 1.30.0  providers=['AzureExecutionProvider', 'CPUExecutionProvider']
  numpy/opencv : 2.5.2 / 5.0.0
  torch        : 2.14.0+cpu (chỉ dùng cho nhánh ultralytics + tiền xử lý)
  ML_INTRAOP_THREADS = 4  (số luồng mỗi model được phép dùng)
  Warm-up 1 lượt (bỏ), đo 3 lượt, báo cáo TRUNG VỊ

==============================================================================
1. TỪNG MODEL ONNX CHẠY RIÊNG (đầu vào ngẫu nhiên đúng shape)
==============================================================================
  Model                            Đầu vào                MB  Trung vị     min     max
  Phát hiện biển (YOLOv8n)         [1, 3, 640, 640]     12.2   140.17ms 139.76 143.06
  OCR biển số (CRNN)               [1, 1, 48, 128]       1.7     2.32ms   2.28   2.36
  Loại xe (ResNet18)               [1, 3, 224, 224]     44.7    43.99ms  43.91  44.19
  Loại xe (MobileNetV3-Small)      [1, 3, 224, 224]      6.1     5.66ms   5.62   5.80
  Kiểu dáng xe (ResNet18)          [1, 3, 224, 224]     44.7    44.49ms  44.36  44.63

==============================================================================
2. TỪNG BƯỚC TRONG PIPELINE THẬT
==============================================================================
  Ảnh: 1_bomaich_detect.png  (1200x600 px)
  Số biển phát hiện được trên ảnh này: 12

  Bước                                Trung vị      min      max   Tỉ lệ
  Chuyển màu BGR sang RGB                 1.6ms     1.5     1.7   0.3%
  Phát hiện biển số (ONNX)              164.4ms   164.0   164.9  29.3%
  Màu biển + OCR (12 biển)              108.6ms    99.9   108.6  19.4%
  Định vị + cắt vùng xe (YOLO)          155.5ms   155.0   162.0  27.7%
  Tiền xử lý ảnh cho classifier           6.6ms     6.5     6.6   1.2%
  Phân loại loại xe (ONNX)               46.0ms    45.4    51.0   8.2%
  Phân loại kiểu dáng (ONNX)             78.3ms    76.2    87.3  14.0%
  TỔNG (cộng trung vị các bước)         561.0ms

==============================================================================
3. TOÀN PIPELINE (đúng cách backend và edge worker gọi)
==============================================================================
  Lượt đầu tiên (gồm nạp model từ đĩa) :    658.7 ms
  Sau khi làm nóng, trung vị            :    490.0 ms   (min 483.6, max 490.3)
  CPU-time trung vị / 1 ảnh             :   1813.1 ms
  Số luồng dùng trung bình (CPU/wall)   :      3.7

  Đọc chỉ số cuối: bằng ~1 nghĩa là chạy gần như đơn luồng. Càng lớn
  hơn số lõi thật thì càng có dấu hiệu toả luồng quá mức: từng đo được
  tỉ số ~24 (CPU-time ~21 giây cho 1 ảnh trong ~0,9 giây đồng hồ),
  nguyên nhân là mỗi model tự phân luồng theo toàn bộ số lõi của máy.

ru_maxrss_kb=786288
