### [tai_lien_tuc_onnx_4luong] bắt đầu 2026-09-13T13:51:02+07:00 ở 58°C (đã chờ nguội 100s)
==============================================================================
MÔI TRƯỜNG ĐO
==============================================================================
  Máy          : aarch64
  Số lõi logic : 4
  Hệ điều hành : Linux 6.18.34+rpt-rpi-2712 (build #1 SMP PREEMPT Debian 1:6.18.34-1+rpt1 (2026-06-09))
  Python       : 3.13.5
  onnxruntime  : 1.30.0  providers=['AzureExecutionProvider', 'CPUExecutionProvider']
  numpy/opencv : 2.5.2 / 5.0.0
  torch        : 2.14.0+cpu (chỉ dùng cho nhánh ultralytics + tiền xử lý)
  ML_INTRAOP_THREADS = 4  (số luồng mỗi model được phép dùng)
  Warm-up 5 lượt (bỏ), đo 60 lượt, báo cáo TRUNG VỊ

==============================================================================
1. TỪNG MODEL ONNX CHẠY RIÊNG (đầu vào ngẫu nhiên đúng shape)
==============================================================================
  Model                            Đầu vào                MB  Trung vị     min     max
  Phát hiện biển (YOLOv8n)         [1, 3, 640, 640]     12.2   144.43ms 143.55 147.54
  OCR biển số (CRNN)               [1, 1, 48, 128]       1.7     2.36ms   2.30   2.40
  Loại xe (ResNet18)               [1, 3, 224, 224]     44.7    46.73ms  46.32  70.68
  Loại xe (MobileNetV3-Small)      [1, 3, 224, 224]      6.1     5.84ms   5.75   6.74
  Kiểu dáng xe (ResNet18)          [1, 3, 224, 224]     44.7    45.99ms  45.65  48.40

==============================================================================
2. TỪNG BƯỚC TRONG PIPELINE THẬT
==============================================================================
  Ảnh: 1_bomaich_detect.png  (1200x600 px)
  Số biển phát hiện được trên ảnh này: 12

  Bước                                Trung vị      min      max   Tỉ lệ
  Chuyển màu BGR sang RGB                 1.6ms     1.5     2.5   0.3%
  Phát hiện biển số (ONNX)              168.7ms   159.6   202.0  29.7%
  Màu biển + OCR (12 biển)              106.7ms    96.7   131.6  18.8%
  Định vị + cắt vùng xe (YOLO)          158.2ms   151.1   188.0  27.9%
  Tiền xử lý ảnh cho classifier           6.6ms     6.5    10.2   1.2%
  Phân loại loại xe (ONNX)               48.0ms    45.5    66.8   8.5%
  Phân loại kiểu dáng (ONNX)             77.8ms    70.1   107.4  13.7%
  TỔNG (cộng trung vị các bước)         567.4ms

==============================================================================
3. TOÀN PIPELINE (đúng cách backend và edge worker gọi)
==============================================================================
  Lượt đầu tiên (gồm nạp model từ đĩa) :    600.5 ms
  Sau khi làm nóng, trung vị            :    492.5 ms   (min 476.1, max 538.0)
  CPU-time trung vị / 1 ảnh             :   1816.2 ms
  Số luồng dùng trung bình (CPU/wall)   :      3.7

  Đọc chỉ số cuối: bằng ~1 nghĩa là chạy gần như đơn luồng. Càng lớn
  hơn số lõi thật thì càng có dấu hiệu toả luồng quá mức: từng đo được
  tỉ số ~24 (CPU-time ~21 giây cho 1 ảnh trong ~0,9 giây đồng hồ),
  nguyên nhân là mỗi model tự phân luồng theo toàn bộ số lõi của máy.

### [tai_lien_tuc_onnx_4luong] xong sau 79.356581178 giây
