### [tai_lien_tuc_pt_4luong] bắt đầu 2026-09-13T13:48:03+07:00 ở 58°C (đã chờ nguội 50s)
==============================================================================
MÔI TRƯỜNG ĐO
==============================================================================
  Máy          : aarch64
  Số lõi logic : 4
  Hệ điều hành : Linux 6.18.34+rpt-rpi-2712 (build #1 SMP PREEMPT Debian 1:6.18.34-1+rpt1 (2026-06-09))
  Python       : 3.13.5
  onnxruntime  : 1.30.0  providers=['AzureExecutionProvider', 'CPUExecutionProvider']
  numpy/opencv : 2.5.2 / 5.0.0
  torch        : 2.14.0+cpu (chỉ dùng cho nhánh ultralytics + tiền xử lý)
  ML_INTRAOP_THREADS = 4  (số luồng mỗi model được phép dùng)
  Warm-up 5 lượt (bỏ), đo 60 lượt, báo cáo TRUNG VỊ

==============================================================================
1. TỪNG MODEL ONNX CHẠY RIÊNG (đầu vào ngẫu nhiên đúng shape)
==============================================================================
  Model                            Đầu vào                MB  Trung vị     min     max
  Phát hiện biển (YOLOv8n)         [1, 3, 640, 640]     12.2   140.24ms 139.89 142.96
  OCR biển số (CRNN)               [1, 1, 48, 128]       1.7     2.28ms   2.25   2.32
  Loại xe (ResNet18)               [1, 3, 224, 224]     44.7    45.29ms  45.13  45.49
  Loại xe (MobileNetV3-Small)      [1, 3, 224, 224]      6.1     5.82ms   5.75   5.99
  Kiểu dáng xe (ResNet18)          [1, 3, 224, 224]     44.7    45.42ms  45.17  48.32

==============================================================================
2. TỪNG BƯỚC TRONG PIPELINE THẬT
==============================================================================
  Ảnh: 1_bomaich_detect.png  (1200x600 px)
  Số biển phát hiện được trên ảnh này: 12

  Bước                                Trung vị      min      max   Tỉ lệ
  Chuyển màu BGR sang RGB                 1.6ms     1.5     1.9   0.3%
  Phát hiện biển số (ONNX)              168.2ms   160.8   199.8  29.8%
  Màu biển + OCR (12 biển)              104.1ms    96.9   151.9  18.4%
  Định vị + cắt vùng xe (YOLO)          158.3ms   149.5   196.8  28.0%
  Tiền xử lý ảnh cho classifier           6.6ms     6.5     7.2   1.2%
  Phân loại loại xe (ONNX)               46.3ms    44.6    57.7   8.2%
  Phân loại kiểu dáng (ONNX)             79.7ms    73.2    99.1  14.1%
  TỔNG (cộng trung vị các bước)         564.8ms

==============================================================================
3. TOÀN PIPELINE (đúng cách backend và edge worker gọi)
==============================================================================
  Lượt đầu tiên (gồm nạp model từ đĩa) :    626.7 ms
  Sau khi làm nóng, trung vị            :    495.0 ms   (min 477.9, max 555.1)
  CPU-time trung vị / 1 ảnh             :   1819.7 ms
  Số luồng dùng trung bình (CPU/wall)   :      3.7

  Đọc chỉ số cuối: bằng ~1 nghĩa là chạy gần như đơn luồng. Càng lớn
  hơn số lõi thật thì càng có dấu hiệu toả luồng quá mức: từng đo được
  tỉ số ~24 (CPU-time ~21 giây cho 1 ảnh trong ~0,9 giây đồng hồ),
  nguyên nhân là mỗi model tự phân luồng theo toàn bộ số lõi của máy.

### [tai_lien_tuc_pt_4luong] xong sau 79.258852070 giây
