This is XeTeX, Version 3.141592653-2.6-0.999997 (TeX Live 2025) (preloaded format=xelatex 2025.8.24)  12 SEP 2026 10:10
entering extended mode
 restricted \write18 enabled.
 %&-line parsing enabled.
**_wrap_uml-kientruc.tex
(./_wrap_uml-kientruc.tex
LaTeX2e <2024-11-01> patch level 2
L3 programming layer <2025-01-18>

! LaTeX Error: File `standalone.cls' not found.

Type X to quit or <RETURN> to proceed,
or enter new name. (Default extension: cls)

Enter file name: 
! Emergency stop.
<read *> 
         
l.2 \usepackage
               {fontspec}^^M
*** (cannot \read from terminal in nonstop modes)

 
Here is how much of TeX's memory you used:
 18 strings out of 475366
 390 string characters out of 5762339
 382291 words of memory out of 5000000
 23092 multiletter control sequences out of 15000+600000
 558837 words of font info for 36 fonts, out of 8000000 for 9000
 319 hyphenation exceptions out of 8191
 19i,0n,29p,92b,17s stack positions out of 10000i,1000n,20000p,200000b,200000s
No pages of output.
