### [bench_pt_4luong] bắt đầu 2026-09-13T13:26:24+07:00
==============================================================================
MÔI TRƯỜNG ĐO
==============================================================================
  Máy          : aarch64
  Số lõi logic : 4
  Hệ điều hành : Linux 6.18.34+rpt-rpi-2712 (build #1 SMP PREEMPT Debian 1:6.18.34-1+rpt1 (2026-06-09))
  Python       : 3.13.5
  onnxruntime  : 1.30.0  providers=['AzureExecutionProvider', 'CPUExecutionProvider']
  numpy/opencv : 2.5.2 / 5.0.0
  torch        : 2.14.0+cpu (chỉ dùng cho nhánh ultralytics + tiền xử lý)
  ML_INTRAOP_THREADS = 4  (số luồng mỗi model được phép dùng)
  Warm-up 3 lượt (bỏ), đo 10 lượt, báo cáo TRUNG VỊ

==============================================================================
1. TỪNG MODEL ONNX CHẠY RIÊNG (đầu vào ngẫu nhiên đúng shape)
==============================================================================
  Model                            Đầu vào                MB  Trung vị     min     max
  Phát hiện biển (YOLOv8n)         [1, 3, 640, 640]     12.2   141.44ms 140.35 144.00
  OCR biển số (CRNN)               [1, 1, 48, 128]       1.7     2.29ms   2.24   2.31
  Loại xe (ResNet18)               [1, 3, 224, 224]     44.7    44.04ms  43.95  45.94
  Loại xe (MobileNetV3-Small)      [1, 3, 224, 224]      6.1     5.68ms   5.62   6.88
  Kiểu dáng xe (ResNet18)          [1, 3, 224, 224]     44.7    45.86ms  44.91  64.12

==============================================================================
2. TỪNG BƯỚC TRONG PIPELINE THẬT
==============================================================================
  Ảnh: 1_bomaich_detect.png  (1200x600 px)
  Số biển phát hiện được trên ảnh này: 12

  Bước                                Trung vị      min      max   Tỉ lệ
  Chuyển màu BGR sang RGB                 1.6ms     1.5     1.8   0.3%
  Phát hiện biển số (ONNX)              165.1ms   161.4   210.6  29.8%
  Màu biển + OCR (12 biển)              101.4ms    91.7   113.1  18.3%
  Định vị + cắt vùng xe (YOLO)          155.5ms   148.1   171.1  28.1%
  Tiền xử lý ảnh cho classifier           6.5ms     6.5     6.6   1.2%
  Phân loại loại xe (ONNX)               45.9ms    45.1    52.7   8.3%
  Phân loại kiểu dáng (ONNX)             77.8ms    71.7    81.0  14.1%
  TỔNG (cộng trung vị các bước)         553.8ms

==============================================================================
3. TOÀN PIPELINE (đúng cách backend và edge worker gọi)
==============================================================================
  Lượt đầu tiên (gồm nạp model từ đĩa) :    593.1 ms
  Sau khi làm nóng, trung vị            :    489.7 ms   (min 480.5, max 509.5)
  CPU-time trung vị / 1 ảnh             :   1800.5 ms
  Số luồng dùng trung bình (CPU/wall)   :      3.7

  Đọc chỉ số cuối: bằng ~1 nghĩa là chạy gần như đơn luồng. Càng lớn
  hơn số lõi thật thì càng có dấu hiệu toả luồng quá mức: từng đo được
  tỉ số ~24 (CPU-time ~21 giây cho 1 ảnh trong ~0,9 giây đồng hồ),
  nguyên nhân là mỗi model tự phân luồng theo toàn bộ số lõi của máy.

### [bench_pt_4luong] xong sau 25.271440789 giây
