### [bench_pt_2luong] bắt đầu 2026-09-13T13:25:57+07:00
==============================================================================
MÔI TRƯỜNG ĐO
==============================================================================
  Máy          : aarch64
  Số lõi logic : 4
  Hệ điều hành : Linux 6.18.34+rpt-rpi-2712 (build #1 SMP PREEMPT Debian 1:6.18.34-1+rpt1 (2026-06-09))
  Python       : 3.13.5
  onnxruntime  : 1.30.0  providers=['AzureExecutionProvider', 'CPUExecutionProvider']
  numpy/opencv : 2.5.2 / 5.0.0
  torch        : 2.14.0+cpu (chỉ dùng cho nhánh ultralytics + tiền xử lý)
  ML_INTRAOP_THREADS = 2  (số luồng mỗi model được phép dùng)
  Warm-up 3 lượt (bỏ), đo 10 lượt, báo cáo TRUNG VỊ

==============================================================================
1. TỪNG MODEL ONNX CHẠY RIÊNG (đầu vào ngẫu nhiên đúng shape)
==============================================================================
  Model                            Đầu vào                MB  Trung vị     min     max
  Phát hiện biển (YOLOv8n)         [1, 3, 640, 640]     12.2   194.09ms 193.58 196.33
  OCR biển số (CRNN)               [1, 1, 48, 128]       1.7     3.41ms   3.37   3.43
  Loại xe (ResNet18)               [1, 3, 224, 224]     44.7    69.01ms  68.89  70.32
  Loại xe (MobileNetV3-Small)      [1, 3, 224, 224]      6.1     7.54ms   7.52   7.61
  Kiểu dáng xe (ResNet18)          [1, 3, 224, 224]     44.7    69.21ms  69.11  69.89

==============================================================================
2. TỪNG BƯỚC TRONG PIPELINE THẬT
==============================================================================
  Ảnh: 1_bomaich_detect.png  (1200x600 px)
  Số biển phát hiện được trên ảnh này: 12

  Bước                                Trung vị      min      max   Tỉ lệ
  Chuyển màu BGR sang RGB                 1.5ms     1.5     1.8   0.3%
  Phát hiện biển số (ONNX)              199.6ms   199.2   203.9  33.6%
  Màu biển + OCR (12 biển)              103.2ms   103.1   103.3  17.4%
  Định vị + cắt vùng xe (YOLO)          141.0ms   137.0   172.0  23.7%
  Tiền xử lý ảnh cho classifier           6.6ms     6.5     7.0   1.1%
  Phân loại loại xe (ONNX)               69.6ms    69.5    71.5  11.7%
  Phân loại kiểu dáng (ONNX)             72.5ms    72.4    78.4  12.2%
  TỔNG (cộng trung vị các bước)         594.0ms

==============================================================================
3. TOÀN PIPELINE (đúng cách backend và edge worker gọi)
==============================================================================
  Lượt đầu tiên (gồm nạp model từ đĩa) :    668.2 ms
  Sau khi làm nóng, trung vị            :    532.6 ms   (min 523.7, max 570.1)
  CPU-time trung vị / 1 ảnh             :   1288.6 ms
  Số luồng dùng trung bình (CPU/wall)   :      2.4

  Đọc chỉ số cuối: bằng ~1 nghĩa là chạy gần như đơn luồng. Càng lớn
  hơn số lõi thật thì càng có dấu hiệu toả luồng quá mức: từng đo được
  tỉ số ~24 (CPU-time ~21 giây cho 1 ảnh trong ~0,9 giây đồng hồ),
  nguyên nhân là mỗi model tự phân luồng theo toàn bộ số lõi của máy.

### [bench_pt_2luong] xong sau 27.568168991 giây
