### [bench_onnx_1luong] bắt đầu 2026-09-13T13:26:50+07:00
==============================================================================
MÔI TRƯỜNG ĐO
==============================================================================
  Máy          : aarch64
  Số lõi logic : 4
  Hệ điều hành : Linux 6.18.34+rpt-rpi-2712 (build #1 SMP PREEMPT Debian 1:6.18.34-1+rpt1 (2026-06-09))
  Python       : 3.13.5
  onnxruntime  : 1.30.0  providers=['AzureExecutionProvider', 'CPUExecutionProvider']
  numpy/opencv : 2.5.2 / 5.0.0
  torch        : 2.14.0+cpu (chỉ dùng cho nhánh ultralytics + tiền xử lý)
  ML_INTRAOP_THREADS = 1  (số luồng mỗi model được phép dùng)
  Warm-up 3 lượt (bỏ), đo 10 lượt, báo cáo TRUNG VỊ

==============================================================================
1. TỪNG MODEL ONNX CHẠY RIÊNG (đầu vào ngẫu nhiên đúng shape)
==============================================================================
  Model                            Đầu vào                MB  Trung vị     min     max
  Phát hiện biển (YOLOv8n)         [1, 3, 640, 640]     12.2   361.79ms 361.25 362.31
  OCR biển số (CRNN)               [1, 1, 48, 128]       1.7     6.12ms   6.09   6.29
  Loại xe (ResNet18)               [1, 3, 224, 224]     44.7   129.24ms 129.12 130.06
  Loại xe (MobileNetV3-Small)      [1, 3, 224, 224]      6.1    12.42ms  12.41  12.54
  Kiểu dáng xe (ResNet18)          [1, 3, 224, 224]     44.7   129.49ms 129.32 134.10

==============================================================================
2. TỪNG BƯỚC TRONG PIPELINE THẬT
==============================================================================
  Ảnh: 1_bomaich_detect.png  (1200x600 px)
  Số biển phát hiện được trên ảnh này: 12

  Bước                                Trung vị      min      max   Tỉ lệ
  Chuyển màu BGR sang RGB                 1.6ms     1.5     2.1   0.2%
  Phát hiện biển số (ONNX)              366.1ms   365.4   368.0  39.1%
  Màu biển + OCR (12 biển)              165.4ms   164.9   169.4  17.7%
  Định vị + cắt vùng xe (YOLO)          133.9ms   133.1   138.8  14.3%
  Tiền xử lý ảnh cho classifier           6.5ms     6.5     6.6   0.7%
  Phân loại loại xe (ONNX)              129.7ms   129.6   130.4  13.9%
  Phân loại kiểu dáng (ONNX)            132.7ms   132.5   132.9  14.2%
  TỔNG (cộng trung vị các bước)         935.9ms

==============================================================================
3. TOÀN PIPELINE (đúng cách backend và edge worker gọi)
==============================================================================
  Lượt đầu tiên (gồm nạp model từ đĩa) :    957.2 ms
  Sau khi làm nóng, trung vị            :    810.9 ms   (min 808.1, max 822.1)
  CPU-time trung vị / 1 ảnh             :   1115.0 ms
  Số luồng dùng trung bình (CPU/wall)   :      1.4

  Đọc chỉ số cuối: bằng ~1 nghĩa là chạy gần như đơn luồng. Càng lớn
  hơn số lõi thật thì càng có dấu hiệu toả luồng quá mức: từng đo được
  tỉ số ~24 (CPU-time ~21 giây cho 1 ảnh trong ~0,9 giây đồng hồ),
  nguyên nhân là mỗi model tự phân luồng theo toàn bộ số lõi của máy.

### [bench_onnx_1luong] xong sau 37.934157337 giây
