### [bench_onnx_4luong] bắt đầu 2026-09-13T13:27:54+07:00
==============================================================================
MÔI TRƯỜNG ĐO
==============================================================================
  Máy          : aarch64
  Số lõi logic : 4
  Hệ điều hành : Linux 6.18.34+rpt-rpi-2712 (build #1 SMP PREEMPT Debian 1:6.18.34-1+rpt1 (2026-06-09))
  Python       : 3.13.5
  onnxruntime  : 1.30.0  providers=['AzureExecutionProvider', 'CPUExecutionProvider']
  numpy/opencv : 2.5.2 / 5.0.0
  torch        : 2.14.0+cpu (chỉ dùng cho nhánh ultralytics + tiền xử lý)
  ML_INTRAOP_THREADS = 4  (số luồng mỗi model được phép dùng)
  Warm-up 3 lượt (bỏ), đo 10 lượt, báo cáo TRUNG VỊ

==============================================================================
1. TỪNG MODEL ONNX CHẠY RIÊNG (đầu vào ngẫu nhiên đúng shape)
==============================================================================
  Model                            Đầu vào                MB  Trung vị     min     max
  Phát hiện biển (YOLOv8n)         [1, 3, 640, 640]     12.2   142.43ms 142.24 148.19
  OCR biển số (CRNN)               [1, 1, 48, 128]       1.7     2.33ms   2.27   2.85
  Loại xe (ResNet18)               [1, 3, 224, 224]     44.7    46.59ms  46.41  46.95
  Loại xe (MobileNetV3-Small)      [1, 3, 224, 224]      6.1     5.81ms   5.77   6.04
  Kiểu dáng xe (ResNet18)          [1, 3, 224, 224]     44.7    45.66ms  45.32  47.27

==============================================================================
2. TỪNG BƯỚC TRONG PIPELINE THẬT
==============================================================================
  Ảnh: 1_bomaich_detect.png  (1200x600 px)
  Số biển phát hiện được trên ảnh này: 12

  Bước                                Trung vị      min      max   Tỉ lệ
  Chuyển màu BGR sang RGB                 1.6ms     1.6     1.9   0.3%
  Phát hiện biển số (ONNX)              166.9ms   164.3   177.6  29.4%
  Màu biển + OCR (12 biển)              106.8ms    97.4   115.4  18.8%
  Định vị + cắt vùng xe (YOLO)          157.0ms   154.1   171.7  27.7%
  Tiền xử lý ảnh cho classifier           6.6ms     6.6     6.7   1.2%
  Phân loại loại xe (ONNX)               49.1ms    45.9    71.4   8.7%
  Phân loại kiểu dáng (ONNX)             79.1ms    74.5   112.0  14.0%
  TỔNG (cộng trung vị các bước)         567.1ms

==============================================================================
3. TOÀN PIPELINE (đúng cách backend và edge worker gọi)
==============================================================================
  Lượt đầu tiên (gồm nạp model từ đĩa) :    627.2 ms
  Sau khi làm nóng, trung vị            :    495.7 ms   (min 476.6, max 536.1)
  CPU-time trung vị / 1 ảnh             :   1822.1 ms
  Số luồng dùng trung bình (CPU/wall)   :      3.7

  Đọc chỉ số cuối: bằng ~1 nghĩa là chạy gần như đơn luồng. Càng lớn
  hơn số lõi thật thì càng có dấu hiệu toả luồng quá mức: từng đo được
  tỉ số ~24 (CPU-time ~21 giây cho 1 ảnh trong ~0,9 giây đồng hồ),
  nguyên nhân là mỗi model tự phân luồng theo toàn bộ số lõi của máy.

### [bench_onnx_4luong] xong sau 28.084080920 giây
