### [tai_lien_tuc_onnx_4luong] bắt đầu 2026-09-13T13:29:43+07:00
==============================================================================
MÔI TRƯỜNG ĐO
==============================================================================
  Máy          : aarch64
  Số lõi logic : 4
  Hệ điều hành : Linux 6.18.34+rpt-rpi-2712 (build #1 SMP PREEMPT Debian 1:6.18.34-1+rpt1 (2026-06-09))
  Python       : 3.13.5
  onnxruntime  : 1.30.0  providers=['AzureExecutionProvider', 'CPUExecutionProvider']
  numpy/opencv : 2.5.2 / 5.0.0
  torch        : 2.14.0+cpu (chỉ dùng cho nhánh ultralytics + tiền xử lý)
  ML_INTRAOP_THREADS = 4  (số luồng mỗi model được phép dùng)
  Warm-up 5 lượt (bỏ), đo 60 lượt, báo cáo TRUNG VỊ

==============================================================================
1. TỪNG MODEL ONNX CHẠY RIÊNG (đầu vào ngẫu nhiên đúng shape)
==============================================================================
  Model                            Đầu vào                MB  Trung vị     min     max
  Phát hiện biển (YOLOv8n)         [1, 3, 640, 640]     12.2   144.26ms 142.89 146.45
  OCR biển số (CRNN)               [1, 1, 48, 128]       1.7     2.31ms   2.26   2.33
  Loại xe (ResNet18)               [1, 3, 224, 224]     44.7    44.52ms  44.41  47.25
  Loại xe (MobileNetV3-Small)      [1, 3, 224, 224]      6.1     5.86ms   5.80   5.95
  Kiểu dáng xe (ResNet18)          [1, 3, 224, 224]     44.7    44.40ms  44.18  46.51

==============================================================================
2. TỪNG BƯỚC TRONG PIPELINE THẬT
==============================================================================
  Ảnh: 1_bomaich_detect.png  (1200x600 px)
  Số biển phát hiện được trên ảnh này: 12

  Bước                                Trung vị      min      max   Tỉ lệ
  Chuyển màu BGR sang RGB                 1.6ms     1.5     1.9   0.3%
  Phát hiện biển số (ONNX)              167.9ms   161.8   204.0  29.7%
  Màu biển + OCR (12 biển)              106.0ms    92.7   140.0  18.7%
  Định vị + cắt vùng xe (YOLO)          158.3ms   149.5   197.1  28.0%
  Tiền xử lý ảnh cho classifier           6.6ms     6.5    10.8   1.2%
  Phân loại loại xe (ONNX)               47.1ms    45.4    73.7   8.3%
  Phân loại kiểu dáng (ONNX)             78.7ms    72.6   104.9  13.9%
  TỔNG (cộng trung vị các bước)         566.3ms

==============================================================================
3. TOÀN PIPELINE (đúng cách backend và edge worker gọi)
==============================================================================
  Lượt đầu tiên (gồm nạp model từ đĩa) :    615.4 ms
  Sau khi làm nóng, trung vị            :    496.9 ms   (min 478.5, max 547.4)
  CPU-time trung vị / 1 ảnh             :   1823.6 ms
  Số luồng dùng trung bình (CPU/wall)   :      3.7

  Đọc chỉ số cuối: bằng ~1 nghĩa là chạy gần như đơn luồng. Càng lớn
  hơn số lõi thật thì càng có dấu hiệu toả luồng quá mức: từng đo được
  tỉ số ~24 (CPU-time ~21 giây cho 1 ảnh trong ~0,9 giây đồng hồ),
  nguyên nhân là mỗi model tự phân luồng theo toàn bộ số lõi của máy.

### [tai_lien_tuc_onnx_4luong] xong sau 79.382927487 giây
