### [tai_lien_tuc_pt_4luong] bắt đầu 2026-09-13T13:28:22+07:00
==============================================================================
MÔI TRƯỜNG ĐO
==============================================================================
  Máy          : aarch64
  Số lõi logic : 4
  Hệ điều hành : Linux 6.18.34+rpt-rpi-2712 (build #1 SMP PREEMPT Debian 1:6.18.34-1+rpt1 (2026-06-09))
  Python       : 3.13.5
  onnxruntime  : 1.30.0  providers=['AzureExecutionProvider', 'CPUExecutionProvider']
  numpy/opencv : 2.5.2 / 5.0.0
  torch        : 2.14.0+cpu (chỉ dùng cho nhánh ultralytics + tiền xử lý)
  ML_INTRAOP_THREADS = 4  (số luồng mỗi model được phép dùng)
  Warm-up 5 lượt (bỏ), đo 60 lượt, báo cáo TRUNG VỊ

==============================================================================
1. TỪNG MODEL ONNX CHẠY RIÊNG (đầu vào ngẫu nhiên đúng shape)
==============================================================================
  Model                            Đầu vào                MB  Trung vị     min     max
  Phát hiện biển (YOLOv8n)         [1, 3, 640, 640]     12.2   143.77ms 143.32 151.27
  OCR biển số (CRNN)               [1, 1, 48, 128]       1.7     2.32ms   2.27   2.35
  Loại xe (ResNet18)               [1, 3, 224, 224]     44.7    45.33ms  45.10  45.50
  Loại xe (MobileNetV3-Small)      [1, 3, 224, 224]      6.1     5.86ms   5.82   5.98
  Kiểu dáng xe (ResNet18)          [1, 3, 224, 224]     44.7    45.27ms  45.14  45.41

==============================================================================
2. TỪNG BƯỚC TRONG PIPELINE THẬT
==============================================================================
  Ảnh: 1_bomaich_detect.png  (1200x600 px)
  Số biển phát hiện được trên ảnh này: 12

  Bước                                Trung vị      min      max   Tỉ lệ
  Chuyển màu BGR sang RGB                 1.6ms     1.5     1.9   0.3%
  Phát hiện biển số (ONNX)              168.4ms   159.4   210.1  29.5%
  Màu biển + OCR (12 biển)              105.8ms    94.7   132.9  18.6%
  Định vị + cắt vùng xe (YOLO)          160.2ms   153.7   198.7  28.1%
  Tiền xử lý ảnh cho classifier           6.6ms     6.6     6.8   1.2%
  Phân loại loại xe (ONNX)               48.4ms    45.2    74.7   8.5%
  Phân loại kiểu dáng (ONNX)             79.3ms    70.1   102.5  13.9%
  TỔNG (cộng trung vị các bước)         570.3ms

==============================================================================
3. TOÀN PIPELINE (đúng cách backend và edge worker gọi)
==============================================================================
  Lượt đầu tiên (gồm nạp model từ đĩa) :    620.2 ms
  Sau khi làm nóng, trung vị            :    491.4 ms   (min 474.7, max 543.5)
  CPU-time trung vị / 1 ảnh             :   1818.2 ms
  Số luồng dùng trung bình (CPU/wall)   :      3.7

  Đọc chỉ số cuối: bằng ~1 nghĩa là chạy gần như đơn luồng. Càng lớn
  hơn số lõi thật thì càng có dấu hiệu toả luồng quá mức: từng đo được
  tỉ số ~24 (CPU-time ~21 giây cho 1 ảnh trong ~0,9 giây đồng hồ),
  nguyên nhân là mỗi model tự phân luồng theo toàn bộ số lõi của máy.

### [tai_lien_tuc_pt_4luong] xong sau 80.649282816 giây
