### [bench_onnx_mnv3_4luong] bắt đầu 2026-09-13T14:37:22+07:00 ở 58°C (đã chờ nguội 25s)
==============================================================================
MÔI TRƯỜNG ĐO
==============================================================================
  Máy          : aarch64
  Số lõi logic : 4
  Hệ điều hành : Linux 6.18.34+rpt-rpi-2712 (build #1 SMP PREEMPT Debian 1:6.18.34-1+rpt1 (2026-06-09))
  Python       : 3.13.5
  onnxruntime  : 1.30.0  providers=['AzureExecutionProvider', 'CPUExecutionProvider']
  numpy/opencv : 2.5.2 / 5.0.0
  torch        : 2.14.0+cpu (chỉ dùng cho nhánh ultralytics + tiền xử lý)
  ML_INTRAOP_THREADS = 4  (số luồng mỗi model được phép dùng)
  Định vị xe   : yolov8n.onnx
  Kiểu dáng xe : vehicle-style-mobilenet_v3_small.onnx
  Warm-up 3 lượt (bỏ), đo 10 lượt, báo cáo TRUNG VỊ

==============================================================================
1. TỪNG MODEL ONNX CHẠY RIÊNG (đầu vào ngẫu nhiên đúng shape)
==============================================================================
  Model                            Đầu vào                MB  Trung vị     min     max
  Phát hiện biển (YOLOv8n)         [1, 3, 640, 640]     12.2   144.39ms 141.68 147.55
  OCR biển số (CRNN)               [1, 1, 48, 128]       1.7     2.34ms   2.28   2.36
  Loại xe (ResNet18)               [1, 3, 224, 224]     44.7    44.41ms  44.21  47.75
  Loại xe (MobileNetV3-Small)      [1, 3, 224, 224]      6.1     5.76ms   5.72   5.89
  Kiểu dáng xe (ResNet18)          [1, 3, 224, 224]     44.7    45.76ms  45.54  49.29
  Kiểu dáng xe (MobileNetV3-Small) [1, 3, 224, 224]      6.1     5.76ms   5.72   5.81

==============================================================================
2. TỪNG BƯỚC TRONG PIPELINE THẬT
==============================================================================
  Ảnh: 1_bomaich_detect.png  (1200x600 px)
  Số biển phát hiện được trên ảnh này: 12

  Bước                                Trung vị      min      max   Tỉ lệ
  Chuyển màu BGR sang RGB                 1.8ms     1.6     6.9   0.3%
  Phát hiện biển số (ONNX)              172.4ms   157.9   182.5  30.5%
  Màu biển + OCR (12 biển)              104.3ms    99.8   118.6  18.4%
  Định vị + cắt vùng xe (YOLO)          192.3ms   183.3   217.7  34.0%
  Tiền xử lý ảnh cho classifier          14.9ms    11.7    21.9   2.6%
  Phân loại loại xe (ONNX)               50.8ms    46.8    74.2   9.0%
  Phân loại kiểu dáng (ONNX)             29.3ms    22.8    36.5   5.2%
  TỔNG (cộng trung vị các bước)         565.9ms

==============================================================================
3. TOÀN PIPELINE (đúng cách backend và edge worker gọi)
==============================================================================
  Lượt đầu tiên (gồm nạp model từ đĩa) :    579.2 ms
  Sau khi làm nóng, trung vị            :    550.4 ms   (min 528.1, max 594.9)
  CPU-time trung vị / 1 ảnh             :   2164.2 ms
  Số luồng dùng trung bình (CPU/wall)   :      3.9

  Đọc chỉ số cuối: bằng ~1 nghĩa là chạy gần như đơn luồng. Càng lớn
  hơn số lõi thật thì càng có dấu hiệu toả luồng quá mức: từng đo được
  tỉ số ~24 (CPU-time ~21 giây cho 1 ảnh trong ~0,9 giây đồng hồ),
  nguyên nhân là mỗi model tự phân luồng theo toàn bộ số lõi của máy.

### [bench_onnx_mnv3_4luong] xong sau 26.041126764 giây
