### [bench_pt_1luong] bắt đầu 2026-09-13T14:29:54+07:00 ở 53°C (đã chờ nguội 0s)
==============================================================================
MÔI TRƯỜNG ĐO
==============================================================================
  Máy          : aarch64
  Số lõi logic : 4
  Hệ điều hành : Linux 6.18.34+rpt-rpi-2712 (build #1 SMP PREEMPT Debian 1:6.18.34-1+rpt1 (2026-06-09))
  Python       : 3.13.5
  onnxruntime  : 1.30.0  providers=['AzureExecutionProvider', 'CPUExecutionProvider']
  numpy/opencv : 2.5.2 / 5.0.0
  torch        : 2.14.0+cpu (chỉ dùng cho nhánh ultralytics + tiền xử lý)
  ML_INTRAOP_THREADS = 1  (số luồng mỗi model được phép dùng)
  Định vị xe   : yolov8n.pt
  Kiểu dáng xe : vehicle-style-resnet18.onnx
  Warm-up 3 lượt (bỏ), đo 10 lượt, báo cáo TRUNG VỊ

==============================================================================
1. TỪNG MODEL ONNX CHẠY RIÊNG (đầu vào ngẫu nhiên đúng shape)
==============================================================================
  Model                            Đầu vào                MB  Trung vị     min     max
  Phát hiện biển (YOLOv8n)         [1, 3, 640, 640]     12.2   361.10ms 360.94 362.54
  OCR biển số (CRNN)               [1, 1, 48, 128]       1.7     6.07ms   6.05   6.09
  Loại xe (ResNet18)               [1, 3, 224, 224]     44.7   129.47ms 129.33 130.39
  Loại xe (MobileNetV3-Small)      [1, 3, 224, 224]      6.1    12.66ms  12.59  12.99
  Kiểu dáng xe (ResNet18)          [1, 3, 224, 224]     44.7   129.42ms 129.31 130.14
  Kiểu dáng xe (MobileNetV3-Small) [1, 3, 224, 224]      6.1    12.61ms  12.55  12.81

==============================================================================
2. TỪNG BƯỚC TRONG PIPELINE THẬT
==============================================================================
  Ảnh: 1_bomaich_detect.png  (1200x600 px)
  Số biển phát hiện được trên ảnh này: 12

  Bước                                Trung vị      min      max   Tỉ lệ
  Chuyển màu BGR sang RGB                 1.6ms     1.5     1.9   0.2%
  Phát hiện biển số (ONNX)              366.1ms   365.8   368.2  39.0%
  Màu biển + OCR (12 biển)              165.2ms   164.9   167.2  17.6%
  Định vị + cắt vùng xe (YOLO)          136.1ms   133.7   140.1  14.5%
  Tiền xử lý ảnh cho classifier           6.6ms     6.5     6.6   0.7%
  Phân loại loại xe (ONNX)              129.9ms   129.6   130.7  13.8%
  Phân loại kiểu dáng (ONNX)            133.0ms   132.8   133.3  14.2%
  TỔNG (cộng trung vị các bước)         938.4ms

==============================================================================
3. TOÀN PIPELINE (đúng cách backend và edge worker gọi)
==============================================================================
  Lượt đầu tiên (gồm nạp model từ đĩa) :    962.0 ms
  Sau khi làm nóng, trung vị            :    813.9 ms   (min 811.8, max 823.2)
  CPU-time trung vị / 1 ảnh             :   1124.1 ms
  Số luồng dùng trung bình (CPU/wall)   :      1.4

  Đọc chỉ số cuối: bằng ~1 nghĩa là chạy gần như đơn luồng. Càng lớn
  hơn số lõi thật thì càng có dấu hiệu toả luồng quá mức: từng đo được
  tỉ số ~24 (CPU-time ~21 giây cho 1 ảnh trong ~0,9 giây đồng hồ),
  nguyên nhân là mỗi model tự phân luồng theo toàn bộ số lõi của máy.

### [bench_pt_1luong] xong sau 38.254629762 giây
