### [bench_onnx_1luong] bắt đầu 2026-09-13T14:31:44+07:00 ở 58°C (đã chờ nguội 10s)
==============================================================================
MÔI TRƯỜNG ĐO
==============================================================================
  Máy          : aarch64
  Số lõi logic : 4
  Hệ điều hành : Linux 6.18.34+rpt-rpi-2712 (build #1 SMP PREEMPT Debian 1:6.18.34-1+rpt1 (2026-06-09))
  Python       : 3.13.5
  onnxruntime  : 1.30.0  providers=['AzureExecutionProvider', 'CPUExecutionProvider']
  numpy/opencv : 2.5.2 / 5.0.0
  torch        : 2.14.0+cpu (chỉ dùng cho nhánh ultralytics + tiền xử lý)
  ML_INTRAOP_THREADS = 1  (số luồng mỗi model được phép dùng)
  Định vị xe   : yolov8n.onnx
  Kiểu dáng xe : vehicle-style-resnet18.onnx
  Warm-up 3 lượt (bỏ), đo 10 lượt, báo cáo TRUNG VỊ

==============================================================================
1. TỪNG MODEL ONNX CHẠY RIÊNG (đầu vào ngẫu nhiên đúng shape)
==============================================================================
  Model                            Đầu vào                MB  Trung vị     min     max
  Phát hiện biển (YOLOv8n)         [1, 3, 640, 640]     12.2   360.85ms 360.71 363.44
  OCR biển số (CRNN)               [1, 1, 48, 128]       1.7     6.09ms   6.08   6.11
  Loại xe (ResNet18)               [1, 3, 224, 224]     44.7   128.95ms 128.87 130.14
  Loại xe (MobileNetV3-Small)      [1, 3, 224, 224]      6.1    12.39ms  12.35  12.50
  Kiểu dáng xe (ResNet18)          [1, 3, 224, 224]     44.7   129.56ms 129.20 129.93
  Kiểu dáng xe (MobileNetV3-Small) [1, 3, 224, 224]      6.1    12.50ms  12.49  12.69

==============================================================================
2. TỪNG BƯỚC TRONG PIPELINE THẬT
==============================================================================
  Ảnh: 1_bomaich_detect.png  (1200x600 px)
  Số biển phát hiện được trên ảnh này: 12

  Bước                                Trung vị      min      max   Tỉ lệ
  Chuyển màu BGR sang RGB                 1.8ms     1.7     1.8   0.1%
  Phát hiện biển số (ONNX)              364.5ms   363.4   366.5  30.5%
  Màu biển + OCR (12 biển)              164.0ms   163.7   167.1  13.7%
  Định vị + cắt vùng xe (YOLO)          397.6ms   396.9   397.8  33.2%
  Tiền xử lý ảnh cho classifier           6.7ms     6.6     6.8   0.6%
  Phân loại loại xe (ONNX)              129.4ms   129.3   130.5  10.8%
  Phân loại kiểu dáng (ONNX)            132.3ms   132.2   132.7  11.1%
  TỔNG (cộng trung vị các bước)        1196.2ms

==============================================================================
3. TOÀN PIPELINE (đúng cách backend và edge worker gọi)
==============================================================================
  Lượt đầu tiên (gồm nạp model từ đĩa) :   1135.3 ms
  Sau khi làm nóng, trung vị            :   1067.4 ms   (min 1066.3, max 1076.0)
  CPU-time trung vị / 1 ảnh             :   1103.7 ms
  Số luồng dùng trung bình (CPU/wall)   :      1.0

  Đọc chỉ số cuối: bằng ~1 nghĩa là chạy gần như đơn luồng. Càng lớn
  hơn số lõi thật thì càng có dấu hiệu toả luồng quá mức: từng đo được
  tỉ số ~24 (CPU-time ~21 giây cho 1 ảnh trong ~0,9 giây đồng hồ),
  nguyên nhân là mỗi model tự phân luồng theo toàn bộ số lõi của máy.

### [bench_onnx_1luong] xong sau 46.914928035 giây
