### [bench_onnx_mnv3_1luong] bắt đầu 2026-09-13T14:35:09+07:00 ở 58°C (đã chờ nguội 70s)
==============================================================================
MÔI TRƯỜNG ĐO
==============================================================================
  Máy          : aarch64
  Số lõi logic : 4
  Hệ điều hành : Linux 6.18.34+rpt-rpi-2712 (build #1 SMP PREEMPT Debian 1:6.18.34-1+rpt1 (2026-06-09))
  Python       : 3.13.5
  onnxruntime  : 1.30.0  providers=['AzureExecutionProvider', 'CPUExecutionProvider']
  numpy/opencv : 2.5.2 / 5.0.0
  torch        : 2.14.0+cpu (chỉ dùng cho nhánh ultralytics + tiền xử lý)
  ML_INTRAOP_THREADS = 1  (số luồng mỗi model được phép dùng)
  Định vị xe   : yolov8n.onnx
  Kiểu dáng xe : vehicle-style-mobilenet_v3_small.onnx
  Warm-up 3 lượt (bỏ), đo 10 lượt, báo cáo TRUNG VỊ

==============================================================================
1. TỪNG MODEL ONNX CHẠY RIÊNG (đầu vào ngẫu nhiên đúng shape)
==============================================================================
  Model                            Đầu vào                MB  Trung vị     min     max
  Phát hiện biển (YOLOv8n)         [1, 3, 640, 640]     12.2   363.68ms 362.93 365.56
  OCR biển số (CRNN)               [1, 1, 48, 128]       1.7     6.09ms   6.06   6.10
  Loại xe (ResNet18)               [1, 3, 224, 224]     44.7   129.59ms 129.26 131.10
  Loại xe (MobileNetV3-Small)      [1, 3, 224, 224]      6.1    12.48ms  12.45  12.51
  Kiểu dáng xe (ResNet18)          [1, 3, 224, 224]     44.7   129.74ms 129.41 130.84
  Kiểu dáng xe (MobileNetV3-Small) [1, 3, 224, 224]      6.1    12.48ms  12.45  12.61

==============================================================================
2. TỪNG BƯỚC TRONG PIPELINE THẬT
==============================================================================
  Ảnh: 1_bomaich_detect.png  (1200x600 px)
  Số biển phát hiện được trên ảnh này: 12

  Bước                                Trung vị      min      max   Tỉ lệ
  Chuyển màu BGR sang RGB                 1.8ms     1.7     1.9   0.2%
  Phát hiện biển số (ONNX)              367.9ms   366.3   368.9  33.9%
  Màu biển + OCR (12 biển)              164.1ms   163.9   164.7  15.1%
  Định vị + cắt vùng xe (YOLO)          400.4ms   400.0   406.9  36.9%
  Tiền xử lý ảnh cho classifier           6.7ms     6.6     6.7   0.6%
  Phân loại loại xe (ONNX)              129.7ms   129.3   131.0  11.9%
  Phân loại kiểu dáng (ONNX)             16.0ms    15.9    16.1   1.5%
  TỔNG (cộng trung vị các bước)        1086.6ms

==============================================================================
3. TOÀN PIPELINE (đúng cách backend và edge worker gọi)
==============================================================================
  Lượt đầu tiên (gồm nạp model từ đĩa) :   1144.1 ms
  Sau khi làm nóng, trung vị            :   1082.4 ms   (min 1076.4, max 1093.7)
  CPU-time trung vị / 1 ảnh             :   1119.1 ms
  Số luồng dùng trung bình (CPU/wall)   :      1.0

  Đọc chỉ số cuối: bằng ~1 nghĩa là chạy gần như đơn luồng. Càng lớn
  hơn số lõi thật thì càng có dấu hiệu toả luồng quá mức: từng đo được
  tỉ số ~24 (CPU-time ~21 giây cho 1 ảnh trong ~0,9 giây đồng hồ),
  nguyên nhân là mỗi model tự phân luồng theo toàn bộ số lõi của máy.

### [bench_onnx_mnv3_1luong] xong sau 45.439764754 giây
