### [bench_onnx_mnv3_2luong] bắt đầu 2026-09-13T14:36:30+07:00 ở 58°C (đã chờ nguội 35s)
==============================================================================
MÔI TRƯỜNG ĐO
==============================================================================
  Máy          : aarch64
  Số lõi logic : 4
  Hệ điều hành : Linux 6.18.34+rpt-rpi-2712 (build #1 SMP PREEMPT Debian 1:6.18.34-1+rpt1 (2026-06-09))
  Python       : 3.13.5
  onnxruntime  : 1.30.0  providers=['AzureExecutionProvider', 'CPUExecutionProvider']
  numpy/opencv : 2.5.2 / 5.0.0
  torch        : 2.14.0+cpu (chỉ dùng cho nhánh ultralytics + tiền xử lý)
  ML_INTRAOP_THREADS = 2  (số luồng mỗi model được phép dùng)
  Định vị xe   : yolov8n.onnx
  Kiểu dáng xe : vehicle-style-mobilenet_v3_small.onnx
  Warm-up 3 lượt (bỏ), đo 10 lượt, báo cáo TRUNG VỊ

==============================================================================
1. TỪNG MODEL ONNX CHẠY RIÊNG (đầu vào ngẫu nhiên đúng shape)
==============================================================================
  Model                            Đầu vào                MB  Trung vị     min     max
  Phát hiện biển (YOLOv8n)         [1, 3, 640, 640]     12.2   194.39ms 193.90 202.56
  OCR biển số (CRNN)               [1, 1, 48, 128]       1.7     3.41ms   3.36   3.42
  Loại xe (ResNet18)               [1, 3, 224, 224]     44.7    69.24ms  69.14  71.25
  Loại xe (MobileNetV3-Small)      [1, 3, 224, 224]      6.1     7.52ms   7.46   7.61
  Kiểu dáng xe (ResNet18)          [1, 3, 224, 224]     44.7    69.09ms  69.04  71.23
  Kiểu dáng xe (MobileNetV3-Small) [1, 3, 224, 224]      6.1     7.53ms   7.49   7.59

==============================================================================
2. TỪNG BƯỚC TRONG PIPELINE THẬT
==============================================================================
  Ảnh: 1_bomaich_detect.png  (1200x600 px)
  Số biển phát hiện được trên ảnh này: 12

  Bước                                Trung vị      min      max   Tỉ lệ
  Chuyển màu BGR sang RGB                 1.8ms     1.7     1.9   0.3%
  Phát hiện biển số (ONNX)              201.1ms   198.7   206.2  32.5%
  Màu biển + OCR (12 biển)              104.6ms   103.4   115.9  16.9%
  Định vị + cắt vùng xe (YOLO)          224.3ms   223.4   236.2  36.2%
  Tiền xử lý ảnh cho classifier           6.7ms     6.6     6.7   1.1%
  Phân loại loại xe (ONNX)               69.9ms    69.8    70.7  11.3%
  Phân loại kiểu dáng (ONNX)             11.1ms    11.0    11.3   1.8%
  TỔNG (cộng trung vị các bước)         619.4ms

==============================================================================
3. TOÀN PIPELINE (đúng cách backend và edge worker gọi)
==============================================================================
  Lượt đầu tiên (gồm nạp model từ đĩa) :    676.2 ms
  Sau khi làm nóng, trung vị            :    610.9 ms   (min 609.3, max 619.3)
  CPU-time trung vị / 1 ảnh             :   1340.9 ms
  Số luồng dùng trung bình (CPU/wall)   :      2.2

  Đọc chỉ số cuối: bằng ~1 nghĩa là chạy gần như đơn luồng. Càng lớn
  hơn số lõi thật thì càng có dấu hiệu toả luồng quá mức: từng đo được
  tỉ số ~24 (CPU-time ~21 giây cho 1 ảnh trong ~0,9 giây đồng hồ),
  nguyên nhân là mỗi model tự phân luồng theo toàn bộ số lõi của máy.

### [bench_onnx_mnv3_2luong] xong sau 27.271924429 giây
