### [bench_onnx_4luong] bắt đầu 2026-09-13T14:33:34+07:00 ở 58°C (đã chờ nguội 20s)
==============================================================================
MÔI TRƯỜNG ĐO
==============================================================================
  Máy          : aarch64
  Số lõi logic : 4
  Hệ điều hành : Linux 6.18.34+rpt-rpi-2712 (build #1 SMP PREEMPT Debian 1:6.18.34-1+rpt1 (2026-06-09))
  Python       : 3.13.5
  onnxruntime  : 1.30.0  providers=['AzureExecutionProvider', 'CPUExecutionProvider']
  numpy/opencv : 2.5.2 / 5.0.0
  torch        : 2.14.0+cpu (chỉ dùng cho nhánh ultralytics + tiền xử lý)
  ML_INTRAOP_THREADS = 4  (số luồng mỗi model được phép dùng)
  Định vị xe   : yolov8n.onnx
  Kiểu dáng xe : vehicle-style-resnet18.onnx
  Warm-up 3 lượt (bỏ), đo 10 lượt, báo cáo TRUNG VỊ

==============================================================================
1. TỪNG MODEL ONNX CHẠY RIÊNG (đầu vào ngẫu nhiên đúng shape)
==============================================================================
  Model                            Đầu vào                MB  Trung vị     min     max
  Phát hiện biển (YOLOv8n)         [1, 3, 640, 640]     12.2   142.87ms 140.29 147.89
  OCR biển số (CRNN)               [1, 1, 48, 128]       1.7     2.28ms   2.25   2.36
  Loại xe (ResNet18)               [1, 3, 224, 224]     44.7    45.33ms  44.99  71.68
  Loại xe (MobileNetV3-Small)      [1, 3, 224, 224]      6.1     5.77ms   5.73   5.95
  Kiểu dáng xe (ResNet18)          [1, 3, 224, 224]     44.7    44.84ms  44.42  48.08
  Kiểu dáng xe (MobileNetV3-Small) [1, 3, 224, 224]      6.1     5.80ms   5.73   5.97

==============================================================================
2. TỪNG BƯỚC TRONG PIPELINE THẬT
==============================================================================
  Ảnh: 1_bomaich_detect.png  (1200x600 px)
  Số biển phát hiện được trên ảnh này: 12

  Bước                                Trung vị      min      max   Tỉ lệ
  Chuyển màu BGR sang RGB                 1.6ms     1.5     1.9   0.3%
  Phát hiện biển số (ONNX)              168.3ms   163.8   184.4  27.8%
  Màu biển + OCR (12 biển)              104.0ms    96.7   111.1  17.2%
  Định vị + cắt vùng xe (YOLO)          188.3ms   185.0   199.6  31.1%
  Tiền xử lý ảnh cho classifier          15.9ms    15.2    20.1   2.6%
  Phân loại loại xe (ONNX)               51.1ms    46.9    62.7   8.4%
  Phân loại kiểu dáng (ONNX)             76.3ms    69.4    96.1  12.6%
  TỔNG (cộng trung vị các bước)         605.5ms

==============================================================================
3. TOÀN PIPELINE (đúng cách backend và edge worker gọi)
==============================================================================
  Lượt đầu tiên (gồm nạp model từ đĩa) :    588.6 ms
  Sau khi làm nóng, trung vị            :    535.0 ms   (min 525.4, max 558.5)
  CPU-time trung vị / 1 ảnh             :   2129.7 ms
  Số luồng dùng trung bình (CPU/wall)   :      4.0

  Đọc chỉ số cuối: bằng ~1 nghĩa là chạy gần như đơn luồng. Càng lớn
  hơn số lõi thật thì càng có dấu hiệu toả luồng quá mức: từng đo được
  tỉ số ~24 (CPU-time ~21 giây cho 1 ảnh trong ~0,9 giây đồng hồ),
  nguyên nhân là mỗi model tự phân luồng theo toàn bộ số lõi của máy.

### [bench_onnx_4luong] xong sau 25.590688807 giây
