==============================================================================
MÔI TRƯỜNG ĐO
==============================================================================
  Máy          : aarch64
  Số lõi logic : 4
  Hệ điều hành : Linux 6.18.34+rpt-rpi-2712 (build #1 SMP PREEMPT Debian 1:6.18.34-1+rpt1 (2026-06-09))
  Python       : 3.13.5
  onnxruntime  : 1.30.0  providers=['AzureExecutionProvider', 'CPUExecutionProvider']
  numpy/opencv : 2.5.2 / 5.0.0
  torch        : 2.14.0+cpu (chỉ dùng cho nhánh ultralytics + tiền xử lý)
  ML_INTRAOP_THREADS = 4  (số luồng mỗi model được phép dùng)
  Định vị xe   : yolov8n.pt
  Kiểu dáng xe : vehicle-style-resnet18.onnx
  Warm-up 1 lượt (bỏ), đo 3 lượt, báo cáo TRUNG VỊ

==============================================================================
1. TỪNG MODEL ONNX CHẠY RIÊNG (đầu vào ngẫu nhiên đúng shape)
==============================================================================
  Model                            Đầu vào                MB  Trung vị     min     max
  Phát hiện biển (YOLOv8n)         [1, 3, 640, 640]     12.2   140.38ms 140.18 141.88
  OCR biển số (CRNN)               [1, 1, 48, 128]       1.7     2.31ms   2.26   2.54
  Loại xe (ResNet18)               [1, 3, 224, 224]     44.7    43.87ms  43.69  46.12
  Loại xe (MobileNetV3-Small)      [1, 3, 224, 224]      6.1     5.67ms   5.64   5.73
  Kiểu dáng xe (ResNet18)          [1, 3, 224, 224]     44.7    44.83ms  44.59  45.00
  Kiểu dáng xe (MobileNetV3-Small) [1, 3, 224, 224]      6.1     5.81ms   5.75   6.03

==============================================================================
2. TỪNG BƯỚC TRONG PIPELINE THẬT
==============================================================================
  Ảnh: 1_bomaich_detect.png  (1200x600 px)
  Số biển phát hiện được trên ảnh này: 12

  Bước                                Trung vị      min      max   Tỉ lệ
  Chuyển màu BGR sang RGB                 1.6ms     1.5     1.6   0.3%
  Phát hiện biển số (ONNX)              168.2ms   162.8   170.2  29.9%
  Màu biển + OCR (12 biển)              100.8ms    99.7   105.2  17.9%
  Định vị + cắt vùng xe (YOLO)          157.3ms   157.1   162.7  28.0%
  Tiền xử lý ảnh cho classifier           6.6ms     6.6     6.7   1.2%
  Phân loại loại xe (ONNX)               45.7ms    45.6    45.7   8.1%
  Phân loại kiểu dáng (ONNX)             82.4ms    81.2    87.7  14.6%
  TỔNG (cộng trung vị các bước)         562.6ms

==============================================================================
3. TOÀN PIPELINE (đúng cách backend và edge worker gọi)
==============================================================================
  Lượt đầu tiên (gồm nạp model từ đĩa) :    625.2 ms
  Sau khi làm nóng, trung vị            :    498.6 ms   (min 480.6, max 522.6)
  CPU-time trung vị / 1 ảnh             :   1828.7 ms
  Số luồng dùng trung bình (CPU/wall)   :      3.7

  Đọc chỉ số cuối: bằng ~1 nghĩa là chạy gần như đơn luồng. Càng lớn
  hơn số lõi thật thì càng có dấu hiệu toả luồng quá mức: từng đo được
  tỉ số ~24 (CPU-time ~21 giây cho 1 ảnh trong ~0,9 giây đồng hồ),
  nguyên nhân là mỗi model tự phân luồng theo toàn bộ số lõi của máy.

ru_maxrss_kb=784736
