==============================================================================
MÔI TRƯỜNG ĐO
==============================================================================
  Máy          : aarch64
  Số lõi logic : 4
  Hệ điều hành : Linux 6.18.34+rpt-rpi-2712 (build #1 SMP PREEMPT Debian 1:6.18.34-1+rpt1 (2026-06-09))
  Python       : 3.13.5
  onnxruntime  : 1.30.0  providers=['AzureExecutionProvider', 'CPUExecutionProvider']
  numpy/opencv : 2.5.2 / 5.0.0
  torch        : 2.14.0+cpu (chỉ dùng cho nhánh ultralytics + tiền xử lý)
  ML_INTRAOP_THREADS = 4  (số luồng mỗi model được phép dùng)
  Định vị xe   : yolov8n.onnx
  Kiểu dáng xe : vehicle-style-resnet18.onnx
  Warm-up 1 lượt (bỏ), đo 3 lượt, báo cáo TRUNG VỊ

==============================================================================
1. TỪNG MODEL ONNX CHẠY RIÊNG (đầu vào ngẫu nhiên đúng shape)
==============================================================================
  Model                            Đầu vào                MB  Trung vị     min     max
  Phát hiện biển (YOLOv8n)         [1, 3, 640, 640]     12.2   142.02ms 141.29 144.54
  OCR biển số (CRNN)               [1, 1, 48, 128]       1.7     2.33ms   2.28   2.34
  Loại xe (ResNet18)               [1, 3, 224, 224]     44.7    45.82ms  45.54  48.73
  Loại xe (MobileNetV3-Small)      [1, 3, 224, 224]      6.1     5.76ms   5.70   5.85
  Kiểu dáng xe (ResNet18)          [1, 3, 224, 224]     44.7    45.25ms  45.01  47.93
  Kiểu dáng xe (MobileNetV3-Small) [1, 3, 224, 224]      6.1     5.76ms   5.71   5.94

==============================================================================
2. TỪNG BƯỚC TRONG PIPELINE THẬT
==============================================================================
  Ảnh: 1_bomaich_detect.png  (1200x600 px)
  Số biển phát hiện được trên ảnh này: 12

  Bước                                Trung vị      min      max   Tỉ lệ
  Chuyển màu BGR sang RGB                 1.6ms     1.6     1.7   0.3%
  Phát hiện biển số (ONNX)              170.7ms   165.4   171.0  27.4%
  Màu biển + OCR (12 biển)              106.4ms   105.7   109.1  17.1%
  Định vị + cắt vùng xe (YOLO)          189.4ms   181.7   200.2  30.4%
  Tiền xử lý ảnh cho classifier          15.5ms    15.2    15.9   2.5%
  Phân loại loại xe (ONNX)               63.5ms    50.8    67.2  10.2%
  Phân loại kiểu dáng (ONNX)             75.6ms    71.5    77.6  12.1%
  TỔNG (cộng trung vị các bước)         622.5ms

==============================================================================
3. TOÀN PIPELINE (đúng cách backend và edge worker gọi)
==============================================================================
  Lượt đầu tiên (gồm nạp model từ đĩa) :    603.8 ms
  Sau khi làm nóng, trung vị            :    543.7 ms   (min 542.9, max 551.7)
  CPU-time trung vị / 1 ảnh             :   2137.4 ms
  Số luồng dùng trung bình (CPU/wall)   :      3.9

  Đọc chỉ số cuối: bằng ~1 nghĩa là chạy gần như đơn luồng. Càng lớn
  hơn số lõi thật thì càng có dấu hiệu toả luồng quá mức: từng đo được
  tỉ số ~24 (CPU-time ~21 giây cho 1 ảnh trong ~0,9 giây đồng hồ),
  nguyên nhân là mỗi model tự phân luồng theo toàn bộ số lõi của máy.

ru_maxrss_kb=759520
