==============================================================================
MÔI TRƯỜNG ĐO
==============================================================================
  Máy          : aarch64
  Số lõi logic : 4
  Hệ điều hành : Linux 6.18.34+rpt-rpi-2712 (build #1 SMP PREEMPT Debian 1:6.18.34-1+rpt1 (2026-06-09))
  Python       : 3.13.5
  onnxruntime  : 1.30.0  providers=['AzureExecutionProvider', 'CPUExecutionProvider']
  numpy/opencv : 2.5.2 / 5.0.0
  torch        : 2.14.0+cpu (chỉ dùng cho nhánh ultralytics + tiền xử lý)
  ML_INTRAOP_THREADS = 4  (số luồng mỗi model được phép dùng)
  Định vị xe   : yolov8n.onnx
  Kiểu dáng xe : vehicle-style-mobilenet_v3_small.onnx
  Warm-up 1 lượt (bỏ), đo 3 lượt, báo cáo TRUNG VỊ

==============================================================================
1. TỪNG MODEL ONNX CHẠY RIÊNG (đầu vào ngẫu nhiên đúng shape)
==============================================================================
  Model                            Đầu vào                MB  Trung vị     min     max
  Phát hiện biển (YOLOv8n)         [1, 3, 640, 640]     12.2   141.92ms 141.66 144.18
  OCR biển số (CRNN)               [1, 1, 48, 128]       1.7     2.33ms   2.29   2.38
  Loại xe (ResNet18)               [1, 3, 224, 224]     44.7    44.89ms  44.77  45.04
  Loại xe (MobileNetV3-Small)      [1, 3, 224, 224]      6.1     5.74ms   5.69   5.85
  Kiểu dáng xe (ResNet18)          [1, 3, 224, 224]     44.7    45.39ms  45.23  45.53
  Kiểu dáng xe (MobileNetV3-Small) [1, 3, 224, 224]      6.1     5.78ms   5.73   5.95

==============================================================================
2. TỪNG BƯỚC TRONG PIPELINE THẬT
==============================================================================
  Ảnh: 1_bomaich_detect.png  (1200x600 px)
  Số biển phát hiện được trên ảnh này: 12

  Bước                                Trung vị      min      max   Tỉ lệ
  Chuyển màu BGR sang RGB                 1.7ms     1.7     1.8   0.3%
  Phát hiện biển số (ONNX)              174.7ms   169.3   195.0  30.4%
  Màu biển + OCR (12 biển)              105.7ms   100.0   112.2  18.4%
  Định vị + cắt vùng xe (YOLO)          193.7ms   192.3   203.0  33.7%
  Tiền xử lý ảnh cho classifier          15.5ms    14.0    18.8   2.7%
  Phân loại loại xe (ONNX)               56.6ms    51.8    66.9   9.9%
  Phân loại kiểu dáng (ONNX)             26.3ms    26.1    28.6   4.6%
  TỔNG (cộng trung vị các bước)         574.0ms

==============================================================================
3. TOÀN PIPELINE (đúng cách backend và edge worker gọi)
==============================================================================
  Lượt đầu tiên (gồm nạp model từ đĩa) :    604.7 ms
  Sau khi làm nóng, trung vị            :    568.6 ms   (min 565.2, max 571.8)
  CPU-time trung vị / 1 ảnh             :   2185.8 ms
  Số luồng dùng trung bình (CPU/wall)   :      3.8

  Đọc chỉ số cuối: bằng ~1 nghĩa là chạy gần như đơn luồng. Càng lớn
  hơn số lõi thật thì càng có dấu hiệu toả luồng quá mức: từng đo được
  tỉ số ~24 (CPU-time ~21 giây cho 1 ảnh trong ~0,9 giây đồng hồ),
  nguyên nhân là mỗi model tự phân luồng theo toàn bộ số lõi của máy.

ru_maxrss_kb=722368
