### [tai_lien_tuc_onnx_mnv3_4luong] bắt đầu 2026-09-13T14:47:34+07:00 ở 58°C (đã chờ nguội 220s)
==============================================================================
MÔI TRƯỜNG ĐO
==============================================================================
  Máy          : aarch64
  Số lõi logic : 4
  Hệ điều hành : Linux 6.18.34+rpt-rpi-2712 (build #1 SMP PREEMPT Debian 1:6.18.34-1+rpt1 (2026-06-09))
  Python       : 3.13.5
  onnxruntime  : 1.30.0  providers=['AzureExecutionProvider', 'CPUExecutionProvider']
  numpy/opencv : 2.5.2 / 5.0.0
  torch        : 2.14.0+cpu (chỉ dùng cho nhánh ultralytics + tiền xử lý)
  ML_INTRAOP_THREADS = 4  (số luồng mỗi model được phép dùng)
  Định vị xe   : yolov8n.onnx
  Kiểu dáng xe : vehicle-style-mobilenet_v3_small.onnx
  Warm-up 5 lượt (bỏ), đo 60 lượt, báo cáo TRUNG VỊ

==============================================================================
1. TỪNG MODEL ONNX CHẠY RIÊNG (đầu vào ngẫu nhiên đúng shape)
==============================================================================
  Model                            Đầu vào                MB  Trung vị     min     max
  Phát hiện biển (YOLOv8n)         [1, 3, 640, 640]     12.2   143.65ms 140.55 145.34
  OCR biển số (CRNN)               [1, 1, 48, 128]       1.7     2.31ms   2.27   2.48
  Loại xe (ResNet18)               [1, 3, 224, 224]     44.7    44.09ms  43.87  46.97
  Loại xe (MobileNetV3-Small)      [1, 3, 224, 224]      6.1     5.77ms   5.71   5.96
  Kiểu dáng xe (ResNet18)          [1, 3, 224, 224]     44.7    45.98ms  45.76  49.11
  Kiểu dáng xe (MobileNetV3-Small) [1, 3, 224, 224]      6.1     5.80ms   5.77   5.97

==============================================================================
2. TỪNG BƯỚC TRONG PIPELINE THẬT
==============================================================================
  Ảnh: 1_bomaich_detect.png  (1200x600 px)
  Số biển phát hiện được trên ảnh này: 12

  Bước                                Trung vị      min      max   Tỉ lệ
  Chuyển màu BGR sang RGB                 1.7ms     1.6     6.1   0.3%
  Phát hiện biển số (ONNX)              172.7ms   153.3   207.9  30.6%
  Màu biển + OCR (12 biển)              105.9ms    94.2   159.0  18.8%
  Định vị + cắt vùng xe (YOLO)          189.6ms   183.9   248.8  33.6%
  Tiền xử lý ảnh cho classifier          15.5ms    12.0    19.9   2.7%
  Phân loại loại xe (ONNX)               51.9ms    46.4   105.5   9.2%
  Phân loại kiểu dáng (ONNX)             26.2ms    18.4    36.6   4.6%
  TỔNG (cộng trung vị các bước)         563.5ms

==============================================================================
3. TOÀN PIPELINE (đúng cách backend và edge worker gọi)
==============================================================================
  Lượt đầu tiên (gồm nạp model từ đĩa) :    576.7 ms
  Sau khi làm nóng, trung vị            :    544.3 ms   (min 519.2, max 608.7)
  CPU-time trung vị / 1 ảnh             :   2141.0 ms
  Số luồng dùng trung bình (CPU/wall)   :      3.9

  Đọc chỉ số cuối: bằng ~1 nghĩa là chạy gần như đơn luồng. Càng lớn
  hơn số lõi thật thì càng có dấu hiệu toả luồng quá mức: từng đo được
  tỉ số ~24 (CPU-time ~21 giây cho 1 ảnh trong ~0,9 giây đồng hồ),
  nguyên nhân là mỗi model tự phân luồng theo toàn bộ số lõi của máy.

### [tai_lien_tuc_onnx_mnv3_4luong] xong sau 82.890419384 giây
