### [tai_lien_tuc_onnx_4luong] bắt đầu 2026-09-13T14:42:28+07:00 ở 58°C (đã chờ nguội 145s)
==============================================================================
MÔI TRƯỜNG ĐO
==============================================================================
  Máy          : aarch64
  Số lõi logic : 4
  Hệ điều hành : Linux 6.18.34+rpt-rpi-2712 (build #1 SMP PREEMPT Debian 1:6.18.34-1+rpt1 (2026-06-09))
  Python       : 3.13.5
  onnxruntime  : 1.30.0  providers=['AzureExecutionProvider', 'CPUExecutionProvider']
  numpy/opencv : 2.5.2 / 5.0.0
  torch        : 2.14.0+cpu (chỉ dùng cho nhánh ultralytics + tiền xử lý)
  ML_INTRAOP_THREADS = 4  (số luồng mỗi model được phép dùng)
  Định vị xe   : yolov8n.onnx
  Kiểu dáng xe : vehicle-style-resnet18.onnx
  Warm-up 5 lượt (bỏ), đo 60 lượt, báo cáo TRUNG VỊ

==============================================================================
1. TỪNG MODEL ONNX CHẠY RIÊNG (đầu vào ngẫu nhiên đúng shape)
==============================================================================
  Model                            Đầu vào                MB  Trung vị     min     max
  Phát hiện biển (YOLOv8n)         [1, 3, 640, 640]     12.2   144.39ms 144.00 147.90
  OCR biển số (CRNN)               [1, 1, 48, 128]       1.7     2.34ms   2.29   2.39
  Loại xe (ResNet18)               [1, 3, 224, 224]     44.7    44.62ms  44.49  44.80
  Loại xe (MobileNetV3-Small)      [1, 3, 224, 224]      6.1     5.90ms   5.84   6.02
  Kiểu dáng xe (ResNet18)          [1, 3, 224, 224]     44.7    46.29ms  45.37  67.19
  Kiểu dáng xe (MobileNetV3-Small) [1, 3, 224, 224]      6.1     5.80ms   5.78   6.02

==============================================================================
2. TỪNG BƯỚC TRONG PIPELINE THẬT
==============================================================================
  Ảnh: 1_bomaich_detect.png  (1200x600 px)
  Số biển phát hiện được trên ảnh này: 12

  Bước                                Trung vị      min      max   Tỉ lệ
  Chuyển màu BGR sang RGB                 1.8ms     1.7     1.9   0.3%
  Phát hiện biển số (ONNX)              169.5ms   162.8   214.5  27.8%
  Màu biển + OCR (12 biển)              105.3ms    94.6   140.7  17.3%
  Định vị + cắt vùng xe (YOLO)          191.0ms   181.0   224.9  31.3%
  Tiền xử lý ảnh cho classifier          15.4ms    10.1    20.2   2.5%
  Phân loại loại xe (ONNX)               52.2ms    47.7    92.1   8.6%
  Phân loại kiểu dáng (ONNX)             75.3ms    69.9   101.5  12.3%
  TỔNG (cộng trung vị các bước)         610.5ms

==============================================================================
3. TOÀN PIPELINE (đúng cách backend và edge worker gọi)
==============================================================================
  Lượt đầu tiên (gồm nạp model từ đĩa) :    600.7 ms
  Sau khi làm nóng, trung vị            :    547.5 ms   (min 519.7, max 597.3)
  CPU-time trung vị / 1 ảnh             :   2158.6 ms
  Số luồng dùng trung bình (CPU/wall)   :      3.9

  Đọc chỉ số cuối: bằng ~1 nghĩa là chạy gần như đơn luồng. Càng lớn
  hơn số lõi thật thì càng có dấu hiệu toả luồng quá mức: từng đo được
  tỉ số ~24 (CPU-time ~21 giây cho 1 ảnh trong ~0,9 giây đồng hồ),
  nguyên nhân là mỗi model tự phân luồng theo toàn bộ số lõi của máy.

### [tai_lien_tuc_onnx_4luong] xong sau 85.803806820 giây
