### [tai_lien_tuc_pt_4luong] bắt đầu 2026-09-13T14:38:43+07:00 ở 59°C (đã chờ nguội 55s)
==============================================================================
MÔI TRƯỜNG ĐO
==============================================================================
  Máy          : aarch64
  Số lõi logic : 4
  Hệ điều hành : Linux 6.18.34+rpt-rpi-2712 (build #1 SMP PREEMPT Debian 1:6.18.34-1+rpt1 (2026-06-09))
  Python       : 3.13.5
  onnxruntime  : 1.30.0  providers=['AzureExecutionProvider', 'CPUExecutionProvider']
  numpy/opencv : 2.5.2 / 5.0.0
  torch        : 2.14.0+cpu (chỉ dùng cho nhánh ultralytics + tiền xử lý)
  ML_INTRAOP_THREADS = 4  (số luồng mỗi model được phép dùng)
  Định vị xe   : yolov8n.pt
  Kiểu dáng xe : vehicle-style-resnet18.onnx
  Warm-up 5 lượt (bỏ), đo 60 lượt, báo cáo TRUNG VỊ

==============================================================================
1. TỪNG MODEL ONNX CHẠY RIÊNG (đầu vào ngẫu nhiên đúng shape)
==============================================================================
  Model                            Đầu vào                MB  Trung vị     min     max
  Phát hiện biển (YOLOv8n)         [1, 3, 640, 640]     12.2   144.52ms 142.72 185.00
  OCR biển số (CRNN)               [1, 1, 48, 128]       1.7     2.33ms   2.29   2.37
  Loại xe (ResNet18)               [1, 3, 224, 224]     44.7    44.34ms  44.14  46.18
  Loại xe (MobileNetV3-Small)      [1, 3, 224, 224]      6.1     5.89ms   5.81   6.04
  Kiểu dáng xe (ResNet18)          [1, 3, 224, 224]     44.7    45.68ms  45.47  46.02
  Kiểu dáng xe (MobileNetV3-Small) [1, 3, 224, 224]      6.1     5.86ms   5.82   5.92

==============================================================================
2. TỪNG BƯỚC TRONG PIPELINE THẬT
==============================================================================
  Ảnh: 1_bomaich_detect.png  (1200x600 px)
  Số biển phát hiện được trên ảnh này: 12

  Bước                                Trung vị      min      max   Tỉ lệ
  Chuyển màu BGR sang RGB                 1.6ms     1.5     2.0   0.3%
  Phát hiện biển số (ONNX)              168.2ms   160.1   216.3  29.8%
  Màu biển + OCR (12 biển)              105.6ms    94.2   130.4  18.7%
  Định vị + cắt vùng xe (YOLO)          157.7ms   151.6   183.7  27.9%
  Tiền xử lý ảnh cho classifier           6.6ms     6.6     9.7   1.2%
  Phân loại loại xe (ONNX)               48.1ms    46.0    62.1   8.5%
  Phân loại kiểu dáng (ONNX)             77.1ms    71.1   112.6  13.6%
  TỔNG (cộng trung vị các bước)         564.8ms

==============================================================================
3. TOÀN PIPELINE (đúng cách backend và edge worker gọi)
==============================================================================
  Lượt đầu tiên (gồm nạp model từ đĩa) :    616.9 ms
  Sau khi làm nóng, trung vị            :    495.5 ms   (min 481.2, max 561.0)
  CPU-time trung vị / 1 ảnh             :   1823.3 ms
  Số luồng dùng trung bình (CPU/wall)   :      3.7

  Đọc chỉ số cuối: bằng ~1 nghĩa là chạy gần như đơn luồng. Càng lớn
  hơn số lõi thật thì càng có dấu hiệu toả luồng quá mức: từng đo được
  tỉ số ~24 (CPU-time ~21 giây cho 1 ảnh trong ~0,9 giây đồng hồ),
  nguyên nhân là mỗi model tự phân luồng theo toàn bộ số lõi của máy.

### [tai_lien_tuc_pt_4luong] xong sau 79.540044377 giây
